// Jest Snapshot v1, https://goo.gl/fbAQLP

exports[`ViewPage.vue renders props.msg when passed 1`] = `
"<div class=\\"container-fluid\\">
  <div class=\\"row\\">
    <div class=\\"col-1 nav\\">
      <p class=\\"display-6\\"><small>AÇÕES</small></p><a href=\\"/pages\\" class=\\"btn btn-secondary\\" title=\\"Voltar\\"><i class=\\"fa fa-arrow-circle-left\\"></i></a>
    </div>
    <div class=\\"col-11\\">
      <div class=\\"card\\">
        <div class=\\"card-body\\">
          <h5 class=\\"title\\"><i class=\\"fa fa-file-text-o\\"></i> Post 1 <small>Visualização de página do site</small></h5>
          <div>A simple page text body</div>
        </div>
        <div class=\\"card-footer\\"><a href=\\"/pages/edit/1\\" class=\\"btn btn-primary\\">Editar</a><a href=\\"/pages/remove/1\\" class=\\"btn btn-danger\\">Remover</a></div>
      </div>
    </div>
  </div>
</div>"
`;
