// Jest Snapshot v1, https://goo.gl/fbAQLP

exports[`Auth.vue renders props when passed 1`] = `
"<div class=\\"container-fluid\\">
  <div class=\\"row\\">
    <div class=\\"col\\">
      <div class=\\"card\\">
        <div class=\\"card-body\\">
          <h5 class=\\"title\\"><i class=\\"fa fa-file-text-o\\"></i> Autenticação <small>Informe suas credenciais</small></h5>
          <form>
            <div class=\\"form-group\\"><label for=\\"email\\">Email</label><input type=\\"email\\" class=\\"form-control\\" id=\\"email\\" placeholder=\\"Email...\\"></div>
            <div class=\\"form-group\\"><label for=\\"password\\">Senha</label><input type=\\"password\\" class=\\"form-control\\" id=\\"password\\" placeholder=\\"Sua senha\\"></div><button type=\\"submit\\" class=\\"btn btn-primary\\">Acessar</button>
          </form>
        </div>
      </div>
    </div>
  </div>
</div>"
`;
