// Jest Snapshot v1, https://goo.gl/fbAQLP

exports[`EditPost.vue renders props.msg when passed 1`] = `
"<div class=\\"container-fluid\\">
  <div class=\\"row\\">
    <div class=\\"col-1 nav\\">
      <p class=\\"display-6\\"><small>AÇÕES</small></p><a href=\\"/posts/1\\" class=\\"btn btn-secondary\\" title=\\"Voltar\\"><i class=\\"fa fa-arrow-circle-left\\"></i></a>
    </div>
    <div class=\\"col-11\\">
      <div class=\\"card\\">
        <div class=\\"card-body\\">
          <h5 class=\\"title\\"><i class=\\"fa fa-file-text-o\\"></i> Post 1 <small>Edição de artigo do blog</small></h5>
          <form>
            <div class=\\"form-group\\"><label for=\\"title\\">Título</label><input type=\\"text\\" class=\\"form-control\\" id=\\"title\\" placeholder=\\"Título da página\\"></div>
            <div class=\\"form-group\\"><label for=\\"slug\\">URL</label><input type=\\"text\\" class=\\"form-control\\" id=\\"slug\\" placeholder=\\"Url da página\\"></div>
            <div class=\\"form-group\\"><label for=\\"body\\">Conteúdo</label>
              <ckeditor editor=\\"class nC extends Ng{}\\" modelvalue=\\"A simple post text body\\"></ckeditor>
            </div><button type=\\"submit\\" class=\\"btn btn-primary\\">Salvar</button>
          </form>
        </div>
      </div>
    </div>
  </div>
</div>"
`;
