// Jest Snapshot v1, https://goo.gl/fbAQLP

exports[`EditUser.vue renders props.msg when passed 1`] = `
"<div class=\\"container-fluid\\">
  <div class=\\"row\\">
    <div class=\\"col-1 nav\\">
      <p class=\\"display-6\\"><small>AÇÕES</small></p><a href=\\"/users/1\\" class=\\"btn btn-secondary\\" title=\\"Voltar\\"><i class=\\"fa fa-arrow-circle-left\\"></i></a>
    </div>
    <div class=\\"col-11\\">
      <div class=\\"card\\">
        <div class=\\"card-body\\">
          <h5 class=\\"title\\"><i class=\\"fa fa-file-text-o\\"></i> acbdfg@gmail.com <small>Edição de usuário do blog</small></h5>
          <form>
            <div class=\\"form-group\\"><label for=\\"name\\">Nome</label><input type=\\"text\\" class=\\"form-control\\" id=\\"name\\" placeholder=\\"nome do usuário\\"></div>
            <div class=\\"form-group\\"><label for=\\"name\\">Username</label><input type=\\"text\\" class=\\"form-control\\" id=\\"name\\" placeholder=\\"apelido do usuário\\"></div>
            <div class=\\"form-group\\"><label for=\\"email\\">Email</label><input type=\\"email\\" class=\\"form-control\\" id=\\"email\\" placeholder=\\"Email para autenticação\\"></div>
            <div class=\\"form-group\\"><label for=\\"password\\">Senha</label><input type=\\"password\\" class=\\"form-control\\" id=\\"password\\" placeholder=\\"Uma senha segura, informe apenas se for alterar.\\"></div><button type=\\"submit\\" class=\\"btn btn-primary\\">Salvar</button>
          </form>
        </div>
      </div>
    </div>
  </div>
</div>"
`;
